
R version 4.5.2 (2025-10-31 ucrt) -- "[Not] Part in a Rumble"
Copyright (C) 2025 The R Foundation for Statistical Computing
Platform: x86_64-w64-mingw32/x64

R es un software libre y viene sin GARANTIA ALGUNA.
Usted puede redistribuirlo bajo ciertas circunstancias.
Escriba 'license()' o 'licence()' para detalles de distribucion.

R es un proyecto colaborativo con muchos contribuyentes.
Escriba 'contributors()' para obtener más información y
'citation()' para saber cómo citar R o paquetes de R en publicaciones.

Escriba 'demo()' para demostraciones, 'help()' para el sistema on-line de ayuda,
o 'help.start()' para abrir el sistema de ayuda HTML con su navegador.
Escriba 'q()' para salir de R.

> Sys.setenv(RSTUDIO_PANDOC = "C:/Program Files/RStudio/resources/app/bin/quarto/bin/tools")
> library(devtools)
Cargando paquete requerido: usethis
> load_all("G:/EntropIA-Stack/EntropIA-R", quiet = TRUE)
> res <- devtools::check(
+   pkg = "G:/EntropIA-Stack/EntropIA-R",
+   document = FALSE,
+   manual = FALSE,
+   cran = FALSE,
+   quiet = FALSE
+ )
══ Building ════════════════════════════════════════════════════════════════════
Setting env vars:
• CFLAGS    : -Wall -pedantic
• CXXFLAGS  : -Wall -pedantic
• CXX11FLAGS: -Wall -pedantic
• CXX14FLAGS: -Wall -pedantic
• CXX17FLAGS: -Wall -pedantic
• CXX20FLAGS: -Wall -pedantic
── R CMD build ─────────────────────────────────────────────────────────────────
* checking for file 'G:\EntropIA-Stack\EntropIA-R/DESCRIPTION' ... OK
* preparing 'entropiaR':
* checking DESCRIPTION meta-information ... OK
* installing the package to build vignettes
* creating vignettes ... OK
* checking for LF line-endings in source and make files and shell scripts
* checking for empty or unneeded directories
* building 'entropiaR_0.0.0.9000.tar.gz'

══ Checking ════════════════════════════════════════════════════════════════════
Setting env vars:
• _R_CHECK_CRAN_INCOMING_REMOTE_: FALSE
• _R_CHECK_CRAN_INCOMING_       : FALSE
• _R_CHECK_FORCE_SUGGESTS_      : FALSE
• NOT_CRAN                      : true
── R CMD check ─────────────────────────────────────────────────────────────────
* using log directory 'C:/Users/agusn/AppData/Local/Temp/RtmpwL2n2m/file651c58678c9/entropiaR.Rcheck'
* using R version 4.5.2 (2025-10-31 ucrt)
* using platform: x86_64-w64-mingw32
* R was compiled by
    gcc.exe (GCC) 14.3.0
    GNU Fortran (GCC) 14.3.0
* running under: Windows 10 x64 (build 19045)
* using session charset: UTF-8
* using option '--no-manual'
* checking for file 'entropiaR/DESCRIPTION' ... OK
* this is package 'entropiaR' version '0.0.0.9000'
* package encoding: UTF-8
* checking package namespace information ... OK
* checking package dependencies ... INFO
Package suggested but not available for checking: 'vdiffr'
* checking if this is a source package ... OK
* checking if there is a namespace ... OK
* checking for executable files ... OK
* checking for hidden files and directories ... OK
* checking for portable file names ... OK
* checking whether package 'entropiaR' can be installed ... OK
* checking installed package size ... OK
* checking package directory ... OK
* checking 'build' directory ... OK
* checking DESCRIPTION meta-information ... OK
* checking top-level files ... OK
* checking for left-over files ... OK
* checking index information ... OK
* checking package subdirectories ... OK
* checking code files for non-ASCII characters ... OK
* checking R files for syntax errors ... OK
* checking whether the package can be loaded ... OK
* checking whether the package can be loaded with stated dependencies ... OK
* checking whether the package can be unloaded cleanly ... OK
* checking whether the namespace can be loaded with stated dependencies ... OK
* checking whether the namespace can be unloaded cleanly ... OK
* checking loading without being on the library search path ... OK
* checking whether startup messages can be suppressed ... OK
* checking dependencies in R code ... OK
* checking S3 generic/method consistency ... OK
* checking replacement functions ... OK
* checking foreign function calls ... OK
* checking R code for possible problems ... OK
* checking Rd files ... OK
* checking Rd metadata ... OK
* checking Rd cross-references ... OK
* checking for missing documentation entries ... OK
* checking for code/documentation mismatches ... OK
* checking Rd \usage sections ... OK
* checking Rd contents ... OK
* checking for unstated dependencies in examples ... OK
* checking installed files from 'inst/doc' ... OK
* checking files in 'vignettes' ... OK
* checking examples ... OK
* checking for unstated dependencies in 'tests' ... OK
* checking tests ...
  Running 'testthat.R'
 OK
* checking for unstated dependencies in vignettes ... OK
* checking package vignettes ... OK
* checking re-building of vignette outputs ... OK
* DONE
Status: OK

ERROR: Unknown command "TMPDIR=C:/Users/agusn/AppData/Local/Temp/Rtmp8ahVKq/file33601d1a41eb". Did you mean command "uninstall"?
Aviso:
In system2("quarto", "-V", stdout = TRUE, env = paste0("TMPDIR=",  :
  el comando ejecutado '"quarto" TMPDIR=C:/Users/agusn/AppData/Local/Temp/Rtmp8ahVKq/file33601d1a41eb -V' tiene el estatus 1
> cat("\n=== CHECK RESULT: errors =", res$errors, " warnings =", res$warnings, " notes =", res$notes, "\n")

=== CHECK RESULT: errors =   warnings =   notes =  
> 
