> res <- devtools::check(".", quiet = FALSE)
══ Documenting ═════════════════════════════════════════════════════════════════
ℹ Updating entropiaR documentation
ℹ Loading entropiaR

══ Building ════════════════════════════════════════════════════════════════════
Setting env vars:
• CFLAGS    : -Wall -pedantic
• CXXFLAGS  : -Wall -pedantic
• CXX11FLAGS: -Wall -pedantic
• CXX14FLAGS: -Wall -pedantic
• CXX17FLAGS: -Wall -pedantic
• CXX20FLAGS: -Wall -pedantic
── R CMD build ─────────────────────────────────────────────────────────────────
* checking for file 'G:\EntropIA-Stack\EntropIA-R/DESCRIPTION' ... OK
* preparing 'entropiaR':
* checking DESCRIPTION meta-information ... OK
* installing the package to build vignettes
* creating vignettes ... OK
* checking for LF line-endings in source and make files and shell scripts
* checking for empty or unneeded directories
* building 'entropiaR_0.0.0.9000.tar.gz'

══ Checking ════════════════════════════════════════════════════════════════════
Setting env vars:
• _R_CHECK_CRAN_INCOMING_REMOTE_               : FALSE
• _R_CHECK_CRAN_INCOMING_                      : FALSE
• _R_CHECK_FORCE_SUGGESTS_                     : FALSE
• _R_CHECK_PACKAGES_USED_IGNORE_UNUSED_IMPORTS_: FALSE
• NOT_CRAN                                     : true
── R CMD check ─────────────────────────────────────────────────────────────────
* using log directory 'C:/Users/agusn/AppData/Local/Temp/RtmpW0UHJE/file3ea863e4700/entropiaR.Rcheck'
* using R version 4.5.2 (2025-10-31 ucrt)
* using platform: x86_64-w64-mingw32
* R was compiled by
    gcc.exe (GCC) 14.3.0
    GNU Fortran (GCC) 14.3.0
* running under: Windows 10 x64 (build 19045)
* using session charset: UTF-8
* using options '--no-manual --as-cran'
* checking for file 'entropiaR/DESCRIPTION' ... OK
* this is package 'entropiaR' version '0.0.0.9000'
* package encoding: UTF-8
* checking package namespace information ... OK
* checking package dependencies ... INFO
Package suggested but not available for checking: 'vdiffr'
* checking if this is a source package ... OK
* checking if there is a namespace ... OK
* checking for executable files ... OK
* checking for hidden files and directories ... OK
* checking for portable file names ... OK
* checking whether package 'entropiaR' can be installed ... OK
* checking installed package size ... OK
* checking package directory ... OK
* checking for future file timestamps ... OK
* checking 'build' directory ... OK
* checking DESCRIPTION meta-information ... OK
* checking top-level files ... OK
* checking for left-over files ... OK
* checking index information ... OK
* checking package subdirectories ... OK
* checking code files for non-ASCII characters ... OK
* checking R files for syntax errors ... OK
* checking whether the package can be loaded ... OK
* checking whether the package can be loaded with stated dependencies ... OK
* checking whether the package can be unloaded cleanly ... OK
* checking whether the namespace can be loaded with stated dependencies ... OK
* checking whether the namespace can be unloaded cleanly ... OK
* checking loading without being on the library search path ... OK
* checking whether startup messages can be suppressed ... OK
* checking dependencies in R code ... NOTE
Namespace in Imports field not imported from: 'stringr'
  All declared Imports should be used.
* checking S3 generic/method consistency ... OK
* checking replacement functions ... OK
* checking foreign function calls ... OK
* checking R code for possible problems ... OK
* checking Rd files ... OK
* checking Rd metadata ... OK
* checking Rd line widths ... OK
* checking Rd cross-references ... OK
* checking for missing documentation entries ... OK
* checking for code/documentation mismatches ... OK
* checking Rd \usage sections ... OK
* checking Rd contents ... OK
* checking for unstated dependencies in examples ... OK
* checking installed files from 'inst/doc' ... OK
* checking files in 'vignettes' ... OK
* checking examples ... [16s] OK
* checking for unstated dependencies in 'tests' ... OK
* checking tests ...
  Running 'testthat.R' [72s]
 [73s] OK
* checking for unstated dependencies in vignettes ... OK
* checking package vignettes ... OK
* checking re-building of vignette outputs ... [32s] OK
* checking for non-standard things in the check directory ... OK
* checking for detritus in the temp directory ... OK
* DONE
Status: 1 NOTE
See
  'C:/Users/agusn/AppData/Local/Temp/RtmpW0UHJE/file3ea863e4700/entropiaR.Rcheck/00check.log'
for details.

ERROR: Unknown command "TMPDIR=C:/Users/agusn/AppData/Local/Temp/RtmpWcPp9N/file4e484d5828a8". Did you mean command "uninstall"?
Aviso:
In system2("quarto", "-V", stdout = TRUE, env = paste0("TMPDIR=",  :
  el comando ejecutado '"quarto" TMPDIR=C:/Users/agusn/AppData/Local/Temp/RtmpWcPp9N/file4e484d5828a8 -V' tiene el estatus 1
> cat("CHECK STATUS:", res$status, "\n")
CHECK STATUS: 0 
> df <- res$check_results
> if (any(df$errors > 0) || any(df$warnings > 0)) {
+   print(df[df$errors > 0 | df$warnings > 0, c("check", "errors", "warnings", "notes")])
+   quit(status = 1)
+ }
> cat("NOTES:\n")
NOTES:
> print(df[df$notes > 0, c("check", "notes")])
NULL
> cat("CHECK DONE\n")
CHECK DONE
> 
