> Sys.setenv(NOT_CRAN = "true")
> options(testthat.progress.max_fails = 100)
> res <- devtools::test("G:/EntropIA-Stack/EntropIA-R", reporter = "summary",
+                       stop_on_failure = FALSE)
ℹ Testing entropiaR
ai: .................................................................................................................................
analysis: ............................................................................................................................................
collect: ............................................
compat: ......................................................
connect: .....................................
corpus: ....................................................................................
dataset: .................................................
export: ....................................................
fixtures: ...............................................
lifecycle: ...................................
orphans: .................................................................
plot: ......................................................S
quality: ..........................................................................................
relations: ........................................................................................................
research: ..................................................................................................
scaffold: ..
schema: ........................................................................................................................
search: ...........................................................
sync: ...............................................
tables: ..........................................................................................
text: ........................................
validate: ............................................................
write: ..........................

══ Skipped ═════════════════════════════════════════════════════════════════════
1. plot snapshots are stable ('test-plot.R:243:3') - Reason: {vdiffr} is not installed

══ DONE ════════════════════════════════════════════════════════════════════════
Aviso:
call dbDisconnect() when finished working with a connection 
> df <- as.data.frame(res)
> cat("TOTAL_RUNS:", nrow(df), "\n")
TOTAL_RUNS: 331 
> cat("PASS:", sum(df$passed), "FAIL:", sum(df$failed), "WARN:", sum(df$warning), "SKIP:", sum(df$skipped), "\n")
PASS: 1526 FAIL: 0 WARN: 0 SKIP: 1 
> bad <- df[df$failed > 0 | df$error > 0, c("file", "test", "failed", "error"), drop = FALSE]
> if (nrow(bad) > 0) print(bad)
> 
