
R version 4.5.2 (2025-10-31 ucrt) -- "[Not] Part in a Rumble"
Copyright (C) 2025 The R Foundation for Statistical Computing
Platform: x86_64-w64-mingw32/x64

R es un software libre y viene sin GARANTIA ALGUNA.
Usted puede redistribuirlo bajo ciertas circunstancias.
Escriba 'license()' o 'licence()' para detalles de distribucion.

R es un proyecto colaborativo con muchos contribuyentes.
Escriba 'contributors()' para obtener más información y
'citation()' para saber cómo citar R o paquetes de R en publicaciones.

Escriba 'demo()' para demostraciones, 'help()' para el sistema on-line de ayuda,
o 'help.start()' para abrir el sistema de ayuda HTML con su navegador.
Escriba 'q()' para salir de R.

> library(devtools)
Cargando paquete requerido: usethis
> load_all("G:/EntropIA-Stack/EntropIA-R", quiet = TRUE)
> res <- devtools::test(reporter = "summary")
ℹ Testing entropiaR
ai: .................................................................................................................................
analysis: ............................................................................................................................................
collect: ............................................
compat: ......................................................
connect: .....................................
corpus: ....................................................................................
dataset: .................................................
export: ....................................................
fixtures: ...............................................
lifecycle: ...................................
orphans: .................................................................
performance: .............
plot: ......................................................S
quality: ..........................................................................................
relations: ........................................................................................................
research: ..................................................................................................
scaffold: ..
schema: ........................................................................................................................
search: ...........................................................
sync: ...............................................
tables: ..........................................................................................
text: ........................................
validate: ............................................................
write: ..........................

══ Skipped ═════════════════════════════════════════════════════════════════════
1. plot snapshots are stable ('test-plot.R:243:3') - Reason: {vdiffr} is not installed

══ DONE ════════════════════════════════════════════════════════════════════════
Aviso:
call dbDisconnect() when finished working with a connection 
> df <- as.data.frame(res)
> cat("\n=== TOTAL: FAILED:", sum(df$failed), " WARNED:", sum(df$warning), " PASSED:", sum(df$passed), " SKIPPED:", sum(df$skipped), "\n")

=== TOTAL: FAILED: 0  WARNED: 0  PASSED: 1539  SKIPPED: 1 
> if (any(df$failed > 0)) quit(status = 1)
> 
